Archive member included because of file (symbol)

f:/programs/sdk/sdk_win_64/sdk_win_64/winavr/bin/../lib/gcc/avr/4.3.3/avr5\libgcc.a(_mulsi3.o)
                              ./src/MCAL/TIMER0/TIMER0_prg.o (__mulsi3)
f:/programs/sdk/sdk_win_64/sdk_win_64/winavr/bin/../lib/gcc/avr/4.3.3/avr5\libgcc.a(_udivmodqi4.o)
                              ./src/MCAL/PORT/PORT_Prog.o (__udivmodqi4)
f:/programs/sdk/sdk_win_64/sdk_win_64/winavr/bin/../lib/gcc/avr/4.3.3/avr5\libgcc.a(_udivmodhi4.o)
                              ./src/HAL/SSD/SSD_Prog.o (__udivmodhi4)
f:/programs/sdk/sdk_win_64/sdk_win_64/winavr/bin/../lib/gcc/avr/4.3.3/avr5\libgcc.a(_udivmodsi4.o)
                              ./src/TMU/TMU_prg.o (__udivmodsi4)
f:/programs/sdk/sdk_win_64/sdk_win_64/winavr/bin/../lib/gcc/avr/4.3.3/avr5\libgcc.a(_divmodsi4.o)
                              ./src/HAL/LCD/LCD_prog.o (__divmodsi4)
f:/programs/sdk/sdk_win_64/sdk_win_64/winavr/bin/../lib/gcc/avr/4.3.3/avr5\libgcc.a(_exit.o)
                              f:/programs/sdk/sdk_win_64/sdk_win_64/winavr/bin/../lib/gcc/avr/4.3.3/../../../../avr/lib/avr5/crtm32.o (exit)
f:/programs/sdk/sdk_win_64/sdk_win_64/winavr/bin/../lib/gcc/avr/4.3.3/avr5\libgcc.a(_copy_data.o)
                              ./src/HAL/key_pad/KP_prg.o (__do_copy_data)
f:/programs/sdk/sdk_win_64/sdk_win_64/winavr/bin/../lib/gcc/avr/4.3.3/avr5\libgcc.a(_clear_bss.o)
                              ./src/TMU/TMU_prg.o (__do_clear_bss)
f:/programs/sdk/sdk_win_64/sdk_win_64/winavr/bin/../lib/gcc/avr/4.3.3/avr5\libgcc.a(_fixunssfsi.o)
                              ./src/MCAL/TIMER0/TIMER0_prg.o (__fixunssfsi)
f:/programs/sdk/sdk_win_64/sdk_win_64/winavr/bin/../lib/gcc/avr/4.3.3/avr5\libgcc.a(_addsub_sf.o)
                              ./src/MCAL/TIMER0/TIMER0_prg.o (__subsf3)
f:/programs/sdk/sdk_win_64/sdk_win_64/winavr/bin/../lib/gcc/avr/4.3.3/avr5\libgcc.a(_mul_sf.o)
                              ./src/MCAL/TIMER0/TIMER0_prg.o (__mulsf3)
f:/programs/sdk/sdk_win_64/sdk_win_64/winavr/bin/../lib/gcc/avr/4.3.3/avr5\libgcc.a(_div_sf.o)
                              ./src/MCAL/TIMER0/TIMER0_prg.o (__divsf3)
f:/programs/sdk/sdk_win_64/sdk_win_64/winavr/bin/../lib/gcc/avr/4.3.3/avr5\libgcc.a(_gt_sf.o)
                              ./src/HAL/key_pad/KP_prg.o (__gtsf2)
f:/programs/sdk/sdk_win_64/sdk_win_64/winavr/bin/../lib/gcc/avr/4.3.3/avr5\libgcc.a(_ge_sf.o)
                              f:/programs/sdk/sdk_win_64/sdk_win_64/winavr/bin/../lib/gcc/avr/4.3.3/avr5\libgcc.a(_fixunssfsi.o) (__gesf2)
f:/programs/sdk/sdk_win_64/sdk_win_64/winavr/bin/../lib/gcc/avr/4.3.3/avr5\libgcc.a(_lt_sf.o)
                              ./src/HAL/key_pad/KP_prg.o (__ltsf2)
f:/programs/sdk/sdk_win_64/sdk_win_64/winavr/bin/../lib/gcc/avr/4.3.3/avr5\libgcc.a(_sf_to_si.o)
                              f:/programs/sdk/sdk_win_64/sdk_win_64/winavr/bin/../lib/gcc/avr/4.3.3/avr5\libgcc.a(_fixunssfsi.o) (__fixsfsi)
f:/programs/sdk/sdk_win_64/sdk_win_64/winavr/bin/../lib/gcc/avr/4.3.3/avr5\libgcc.a(_thenan_sf.o)
                              f:/programs/sdk/sdk_win_64/sdk_win_64/winavr/bin/../lib/gcc/avr/4.3.3/avr5\libgcc.a(_addsub_sf.o) (__thenan_sf)
f:/programs/sdk/sdk_win_64/sdk_win_64/winavr/bin/../lib/gcc/avr/4.3.3/avr5\libgcc.a(_usi_to_sf.o)
                              ./src/MCAL/TIMER0/TIMER0_prg.o (__floatunsisf)
f:/programs/sdk/sdk_win_64/sdk_win_64/winavr/bin/../lib/gcc/avr/4.3.3/avr5\libgcc.a(_prologue.o)
                              f:/programs/sdk/sdk_win_64/sdk_win_64/winavr/bin/../lib/gcc/avr/4.3.3/avr5\libgcc.a(_addsub_sf.o) (__prologue_saves__)
f:/programs/sdk/sdk_win_64/sdk_win_64/winavr/bin/../lib/gcc/avr/4.3.3/avr5\libgcc.a(_epilogue.o)
                              f:/programs/sdk/sdk_win_64/sdk_win_64/winavr/bin/../lib/gcc/avr/4.3.3/avr5\libgcc.a(_addsub_sf.o) (__epilogue_restores__)
f:/programs/sdk/sdk_win_64/sdk_win_64/winavr/bin/../lib/gcc/avr/4.3.3/avr5\libgcc.a(_clzsi2.o)
                              f:/programs/sdk/sdk_win_64/sdk_win_64/winavr/bin/../lib/gcc/avr/4.3.3/avr5\libgcc.a(_usi_to_sf.o) (__clzsi2)
f:/programs/sdk/sdk_win_64/sdk_win_64/winavr/bin/../lib/gcc/avr/4.3.3/avr5\libgcc.a(_pack_sf.o)
                              f:/programs/sdk/sdk_win_64/sdk_win_64/winavr/bin/../lib/gcc/avr/4.3.3/avr5\libgcc.a(_addsub_sf.o) (__pack_f)
f:/programs/sdk/sdk_win_64/sdk_win_64/winavr/bin/../lib/gcc/avr/4.3.3/avr5\libgcc.a(_unpack_sf.o)
                              f:/programs/sdk/sdk_win_64/sdk_win_64/winavr/bin/../lib/gcc/avr/4.3.3/avr5\libgcc.a(_addsub_sf.o) (__unpack_f)
f:/programs/sdk/sdk_win_64/sdk_win_64/winavr/bin/../lib/gcc/avr/4.3.3/avr5\libgcc.a(_fpcmp_parts_sf.o)
                              f:/programs/sdk/sdk_win_64/sdk_win_64/winavr/bin/../lib/gcc/avr/4.3.3/avr5\libgcc.a(_gt_sf.o) (__fpcmp_parts_f)
f:/programs/sdk/sdk_win_64/sdk_win_64/winavr/bin/../lib/gcc/avr/4.3.3/avr5\libgcc.a(_clz.o)
                              f:/programs/sdk/sdk_win_64/sdk_win_64/winavr/bin/../lib/gcc/avr/4.3.3/avr5\libgcc.a(_clzsi2.o) (__clz_tab)

Allocating common symbols
Common symbol       size              file

TIMER1_ICR_reading  0x2               ./src/HAL/Ultra_Sonic/US_prg.o
All_Tasks           0x28              ./src/TMU/TMU_prg.o

Memory Configuration

Name             Origin             Length             Attributes
text             0x00000000         0x00020000         xr
data             0x00800060         0x0000ffa0         rw !x
eeprom           0x00810000         0x00010000         rw !x
fuse             0x00820000         0x00000400         rw !x
lock             0x00830000         0x00000400         rw !x
signature        0x00840000         0x00000400         rw !x
*default*        0x00000000         0xffffffff

Linker script and memory map

LOAD f:/programs/sdk/sdk_win_64/sdk_win_64/winavr/bin/../lib/gcc/avr/4.3.3/../../../../avr/lib/avr5/crtm32.o
LOAD ./src/TMU/TMU_prg.o
LOAD ./src/MCAL/TIMER1/TIMER1_prg.o
LOAD ./src/MCAL/TIMER0/TIMER0_prg.o
LOAD ./src/MCAL/PORT/PORT_Prog.o
LOAD ./src/MCAL/GIE/GIE_prog.o
LOAD ./src/MCAL/EXTI/EXTI_prog.o
LOAD ./src/MCAL/DIO/DIO_Prog.o
LOAD ./src/HAL/key_pad/KP_prg.o
LOAD ./src/HAL/Ultra_Sonic/US_prg.o
LOAD ./src/HAL/SSD/SSD_Prog.o
LOAD ./src/HAL/Push_Button/PB_Prog.o
LOAD ./src/HAL/LED/LED_Prog.o
LOAD ./src/HAL/LCD/LCD_prog.o
LOAD ./src/CONFIG/DIO_Lcfg.o
LOAD ./src/CONFIG/EXTI_config.o
LOAD ./src/CONFIG/KP_Lcfg.o
LOAD ./src/CONFIG/LCD_Lcfg.o
LOAD ./src/CONFIG/LED_Lcfg.o
LOAD ./src/CONFIG/PB_Lcfg.o
LOAD ./src/CONFIG/PORT_Lcfg.o
LOAD ./src/CONFIG/SSD_Lcfg.o
LOAD ./src/CONFIG/TIMER0_Lcfg.o
LOAD ./src/CONFIG/TIMER1_Lcfg.o
LOAD ./src/CONFIG/TMU_Lcfg.o
LOAD ./src/CONFIG/US_Lcfg.o
LOAD ./src/APP/main.o
LOAD ./doc/temps/source_temp.o
LOAD f:/programs/sdk/sdk_win_64/sdk_win_64/winavr/bin/../lib/gcc/avr/4.3.3/avr5\libgcc.a
LOAD f:/programs/sdk/sdk_win_64/sdk_win_64/winavr/bin/../lib/gcc/avr/4.3.3/../../../../avr/lib/avr5\libc.a
LOAD f:/programs/sdk/sdk_win_64/sdk_win_64/winavr/bin/../lib/gcc/avr/4.3.3/avr5\libgcc.a

.hash
 *(.hash)

.dynsym
 *(.dynsym)

.dynstr
 *(.dynstr)

.gnu.version
 *(.gnu.version)

.gnu.version_d
 *(.gnu.version_d)

.gnu.version_r
 *(.gnu.version_r)

.rel.init
 *(.rel.init)

.rela.init
 *(.rela.init)

.rel.text
 *(.rel.text)
 *(.rel.text.*)
 *(.rel.gnu.linkonce.t*)

.rela.text
 *(.rela.text)
 *(.rela.text.*)
 *(.rela.gnu.linkonce.t*)

.rel.fini
 *(.rel.fini)

.rela.fini
 *(.rela.fini)

.rel.rodata
 *(.rel.rodata)
 *(.rel.rodata.*)
 *(.rel.gnu.linkonce.r*)

.rela.rodata
 *(.rela.rodata)
 *(.rela.rodata.*)
 *(.rela.gnu.linkonce.r*)

.rel.data
 *(.rel.data)
 *(.rel.data.*)
 *(.rel.gnu.linkonce.d*)

.rela.data
 *(.rela.data)
 *(.rela.data.*)
 *(.rela.gnu.linkonce.d*)

.rel.ctors
 *(.rel.ctors)

.rela.ctors
 *(.rela.ctors)

.rel.dtors
 *(.rel.dtors)

.rela.dtors
 *(.rela.dtors)

.rel.got
 *(.rel.got)

.rela.got
 *(.rela.got)

.rel.bss
 *(.rel.bss)

.rela.bss
 *(.rela.bss)

.rel.plt
 *(.rel.plt)

.rela.plt
 *(.rela.plt)

.text           0x00000000     0x54f4
 *(.vectors)
 .vectors       0x00000000       0x54 f:/programs/sdk/sdk_win_64/sdk_win_64/winavr/bin/../lib/gcc/avr/4.3.3/../../../../avr/lib/avr5/crtm32.o
                0x00000000                __vectors
                0x00000000                __vector_default
 *(.vectors)
 *(.progmem.gcc*)
 *(.progmem*)
                0x00000054                . = ALIGN (0x2)
                0x00000054                __trampolines_start = .
 *(.trampolines)
 .trampolines   0x00000054        0x0 linker stubs
 *(.trampolines*)
                0x00000054                __trampolines_end = .
 *(.jumptables)
 *(.jumptables*)
 *(.lowtext)
 *(.lowtext*)
                0x00000054                __ctors_start = .
 *(.ctors)
                0x00000054                __ctors_end = .
                0x00000054                __dtors_start = .
 *(.dtors)
                0x00000054                __dtors_end = .
 SORT(*)(.ctors)
 SORT(*)(.dtors)
 *(.init0)
 .init0         0x00000054        0x0 f:/programs/sdk/sdk_win_64/sdk_win_64/winavr/bin/../lib/gcc/avr/4.3.3/../../../../avr/lib/avr5/crtm32.o
                0x00000054                __init
 *(.init0)
 *(.init1)
 *(.init1)
 *(.init2)
 .init2         0x00000054        0xc f:/programs/sdk/sdk_win_64/sdk_win_64/winavr/bin/../lib/gcc/avr/4.3.3/../../../../avr/lib/avr5/crtm32.o
 *(.init2)
 *(.init3)
 *(.init3)
 *(.init4)
 .init4         0x00000060       0x16 f:/programs/sdk/sdk_win_64/sdk_win_64/winavr/bin/../lib/gcc/avr/4.3.3/avr5\libgcc.a(_copy_data.o)
                0x00000060                __do_copy_data
 .init4         0x00000076       0x10 f:/programs/sdk/sdk_win_64/sdk_win_64/winavr/bin/../lib/gcc/avr/4.3.3/avr5\libgcc.a(_clear_bss.o)
                0x00000076                __do_clear_bss
 *(.init4)
 *(.init5)
 *(.init5)
 *(.init6)
 *(.init6)
 *(.init7)
 *(.init7)
 *(.init8)
 *(.init8)
 *(.init9)
 .init9         0x00000086        0x8 f:/programs/sdk/sdk_win_64/sdk_win_64/winavr/bin/../lib/gcc/avr/4.3.3/../../../../avr/lib/avr5/crtm32.o
 *(.init9)
 *(.text)
 .text          0x0000008e        0x4 f:/programs/sdk/sdk_win_64/sdk_win_64/winavr/bin/../lib/gcc/avr/4.3.3/../../../../avr/lib/avr5/crtm32.o
                0x0000008e                __vector_12
                0x0000008e                __bad_interrupt
                0x0000008e                __vector_13
                0x0000008e                __vector_17
                0x0000008e                __vector_19
                0x0000008e                __vector_7
                0x0000008e                __vector_5
                0x0000008e                __vector_4
                0x0000008e                __vector_9
                0x0000008e                __vector_15
                0x0000008e                __vector_8
                0x0000008e                __vector_14
                0x0000008e                __vector_16
                0x0000008e                __vector_18
                0x0000008e                __vector_20
 .text          0x00000092        0x0 ./src/TMU/TMU_prg.o
 .text          0x00000092        0x0 ./src/MCAL/TIMER1/TIMER1_prg.o
 .text          0x00000092        0x0 ./src/MCAL/TIMER0/TIMER0_prg.o
 .text          0x00000092        0x0 ./src/MCAL/PORT/PORT_Prog.o
 .text          0x00000092        0x0 ./src/MCAL/GIE/GIE_prog.o
 .text          0x00000092        0x0 ./src/MCAL/EXTI/EXTI_prog.o
 .text          0x00000092        0x0 ./src/MCAL/DIO/DIO_Prog.o
 .text          0x00000092        0x0 ./src/HAL/key_pad/KP_prg.o
 .text          0x00000092        0x0 ./src/HAL/Ultra_Sonic/US_prg.o
 .text          0x00000092        0x0 ./src/HAL/SSD/SSD_Prog.o
 .text          0x00000092        0x0 ./src/HAL/Push_Button/PB_Prog.o
 .text          0x00000092        0x0 ./src/HAL/LED/LED_Prog.o
 .text          0x00000092        0x0 ./src/HAL/LCD/LCD_prog.o
 .text          0x00000092        0x0 ./src/CONFIG/DIO_Lcfg.o
 .text          0x00000092        0x0 ./src/CONFIG/EXTI_config.o
 .text          0x00000092        0x0 ./src/CONFIG/KP_Lcfg.o
 .text          0x00000092        0x0 ./src/CONFIG/LCD_Lcfg.o
 .text          0x00000092        0x0 ./src/CONFIG/LED_Lcfg.o
 .text          0x00000092        0x0 ./src/CONFIG/PB_Lcfg.o
 .text          0x00000092        0x0 ./src/CONFIG/PORT_Lcfg.o
 .text          0x00000092        0x0 ./src/CONFIG/SSD_Lcfg.o
 .text          0x00000092        0x0 ./src/CONFIG/TIMER0_Lcfg.o
 .text          0x00000092        0x0 ./src/CONFIG/TIMER1_Lcfg.o
 .text          0x00000092        0x0 ./src/CONFIG/TMU_Lcfg.o
 .text          0x00000092        0x0 ./src/CONFIG/US_Lcfg.o
 .text          0x00000092        0x0 ./src/APP/main.o
 .text          0x00000092        0x0 ./doc/temps/source_temp.o
 .text          0x00000092        0x0 f:/programs/sdk/sdk_win_64/sdk_win_64/winavr/bin/../lib/gcc/avr/4.3.3/avr5\libgcc.a(_mulsi3.o)
 .text          0x00000092        0x0 f:/programs/sdk/sdk_win_64/sdk_win_64/winavr/bin/../lib/gcc/avr/4.3.3/avr5\libgcc.a(_udivmodqi4.o)
 .text          0x00000092        0x0 f:/programs/sdk/sdk_win_64/sdk_win_64/winavr/bin/../lib/gcc/avr/4.3.3/avr5\libgcc.a(_udivmodhi4.o)
 .text          0x00000092        0x0 f:/programs/sdk/sdk_win_64/sdk_win_64/winavr/bin/../lib/gcc/avr/4.3.3/avr5\libgcc.a(_udivmodsi4.o)
 .text          0x00000092        0x0 f:/programs/sdk/sdk_win_64/sdk_win_64/winavr/bin/../lib/gcc/avr/4.3.3/avr5\libgcc.a(_divmodsi4.o)
 .text          0x00000092        0x0 f:/programs/sdk/sdk_win_64/sdk_win_64/winavr/bin/../lib/gcc/avr/4.3.3/avr5\libgcc.a(_exit.o)
 .text          0x00000092        0x0 f:/programs/sdk/sdk_win_64/sdk_win_64/winavr/bin/../lib/gcc/avr/4.3.3/avr5\libgcc.a(_copy_data.o)
 .text          0x00000092        0x0 f:/programs/sdk/sdk_win_64/sdk_win_64/winavr/bin/../lib/gcc/avr/4.3.3/avr5\libgcc.a(_clear_bss.o)
 .text          0x00000092       0x58 f:/programs/sdk/sdk_win_64/sdk_win_64/winavr/bin/../lib/gcc/avr/4.3.3/avr5\libgcc.a(_fixunssfsi.o)
                0x00000092                __fixunssfsi
 .text          0x000000ea      0x354 f:/programs/sdk/sdk_win_64/sdk_win_64/winavr/bin/../lib/gcc/avr/4.3.3/avr5\libgcc.a(_addsub_sf.o)
                0x00000382                __subsf3
                0x000003e4                __addsf3
 .text          0x0000043e      0x1f4 f:/programs/sdk/sdk_win_64/sdk_win_64/winavr/bin/../lib/gcc/avr/4.3.3/avr5\libgcc.a(_mul_sf.o)
                0x0000043e                __mulsf3
 .text          0x00000632      0x158 f:/programs/sdk/sdk_win_64/sdk_win_64/winavr/bin/../lib/gcc/avr/4.3.3/avr5\libgcc.a(_div_sf.o)
                0x00000632                __divsf3
 .text          0x0000078a       0x60 f:/programs/sdk/sdk_win_64/sdk_win_64/winavr/bin/../lib/gcc/avr/4.3.3/avr5\libgcc.a(_gt_sf.o)
                0x0000078a                __gtsf2
 .text          0x000007ea       0x60 f:/programs/sdk/sdk_win_64/sdk_win_64/winavr/bin/../lib/gcc/avr/4.3.3/avr5\libgcc.a(_ge_sf.o)
                0x000007ea                __gesf2
 .text          0x0000084a       0x60 f:/programs/sdk/sdk_win_64/sdk_win_64/winavr/bin/../lib/gcc/avr/4.3.3/avr5\libgcc.a(_lt_sf.o)
                0x0000084a                __ltsf2
 .text          0x000008aa       0xa8 f:/programs/sdk/sdk_win_64/sdk_win_64/winavr/bin/../lib/gcc/avr/4.3.3/avr5\libgcc.a(_sf_to_si.o)
                0x000008aa                __fixsfsi
 .text          0x00000952        0x0 f:/programs/sdk/sdk_win_64/sdk_win_64/winavr/bin/../lib/gcc/avr/4.3.3/avr5\libgcc.a(_thenan_sf.o)
 .text          0x00000952       0xf2 f:/programs/sdk/sdk_win_64/sdk_win_64/winavr/bin/../lib/gcc/avr/4.3.3/avr5\libgcc.a(_usi_to_sf.o)
                0x00000952                __floatunsisf
 .text          0x00000a44        0x0 f:/programs/sdk/sdk_win_64/sdk_win_64/winavr/bin/../lib/gcc/avr/4.3.3/avr5\libgcc.a(_prologue.o)
 .text          0x00000a44        0x0 f:/programs/sdk/sdk_win_64/sdk_win_64/winavr/bin/../lib/gcc/avr/4.3.3/avr5\libgcc.a(_epilogue.o)
 .text          0x00000a44       0x9e f:/programs/sdk/sdk_win_64/sdk_win_64/winavr/bin/../lib/gcc/avr/4.3.3/avr5\libgcc.a(_clzsi2.o)
                0x00000a44                __clzsi2
 .text          0x00000ae2      0x1aa f:/programs/sdk/sdk_win_64/sdk_win_64/winavr/bin/../lib/gcc/avr/4.3.3/avr5\libgcc.a(_pack_sf.o)
                0x00000ae2                __pack_f
 .text          0x00000c8c       0xf0 f:/programs/sdk/sdk_win_64/sdk_win_64/winavr/bin/../lib/gcc/avr/4.3.3/avr5\libgcc.a(_unpack_sf.o)
                0x00000c8c                __unpack_f
 .text          0x00000d7c       0xb2 f:/programs/sdk/sdk_win_64/sdk_win_64/winavr/bin/../lib/gcc/avr/4.3.3/avr5\libgcc.a(_fpcmp_parts_sf.o)
                0x00000d7c                __fpcmp_parts_f
 .text          0x00000e2e        0x0 f:/programs/sdk/sdk_win_64/sdk_win_64/winavr/bin/../lib/gcc/avr/4.3.3/avr5\libgcc.a(_clz.o)
                0x00000e2e                . = ALIGN (0x2)
 *(.text.*)
 .text.TMU_vidInit
                0x00000e2e       0x3a ./src/TMU/TMU_prg.o
                0x00000e2e                TMU_vidInit
 .text.TMU_vidCreateTask
                0x00000e68       0xf2 ./src/TMU/TMU_prg.o
                0x00000e68                TMU_vidCreateTask
 .text.TMU_vidStartScheduler
                0x00000f5a      0x1da ./src/TMU/TMU_prg.o
                0x00000f5a                TMU_vidStartScheduler
 .text.TMU_vidSuspend
                0x00001134       0x36 ./src/TMU/TMU_prg.o
                0x00001134                TMU_vidSuspend
 .text.TMU_vidResume
                0x0000116a       0x54 ./src/TMU/TMU_prg.o
                0x0000116a                TMU_vidResume
 .text.TMU_vidDelete
                0x000011be       0x52 ./src/TMU/TMU_prg.o
                0x000011be                TMU_vidDelete
 .text.M_TIMER1_enu_init
                0x00001210       0xae ./src/MCAL/TIMER1/TIMER1_prg.o
                0x00001210                M_TIMER1_enu_init
 .text.M_TIMER1_enu_start
                0x000012be       0x34 ./src/MCAL/TIMER1/TIMER1_prg.o
                0x000012be                M_TIMER1_enu_start
 .text.M_TIMER1_enu_ICU_IntEnable
                0x000012f2       0x34 ./src/MCAL/TIMER1/TIMER1_prg.o
                0x000012f2                M_TIMER1_enu_ICU_IntEnable
 .text.M_TIMER1_enu_ICU_IntDisable
                0x00001326       0x34 ./src/MCAL/TIMER1/TIMER1_prg.o
                0x00001326                M_TIMER1_enu_ICU_IntDisable
 .text.M_TIMER1_enu_ICU_void_setTrigg
                0x0000135a       0x70 ./src/MCAL/TIMER1/TIMER1_prg.o
                0x0000135a                M_TIMER1_enu_ICU_void_setTrigg
 .text.M_TIMER1_enu_ICU_takeReading
                0x000013ca       0x34 ./src/MCAL/TIMER1/TIMER1_prg.o
                0x000013ca                M_TIMER1_enu_ICU_takeReading
 .text.M_TIMER1_ICU_clearTimer
                0x000013fe       0x1e ./src/MCAL/TIMER1/TIMER1_prg.o
                0x000013fe                M_TIMER1_ICU_clearTimer
 .text.M_TIMER1_ICU_setCallBack
                0x0000141c       0x7c ./src/MCAL/TIMER1/TIMER1_prg.o
                0x0000141c                M_TIMER1_ICU_setCallBack
 .text.__vector_6
                0x00001498       0x6e ./src/MCAL/TIMER1/TIMER1_prg.o
                0x00001498                __vector_6
 .text.M_TIMER_enum_Timer0_init
                0x00001506      0x288 ./src/MCAL/TIMER0/TIMER0_prg.o
                0x00001506                M_TIMER_enum_Timer0_init
 .text.M_TIMER_enum_Timer0_start
                0x0000178e      0x180 ./src/MCAL/TIMER0/TIMER0_prg.o
                0x0000178e                M_TIMER_enum_Timer0_start
 .text.M_TIMER_enum_Timer0_stop
                0x0000190e       0x32 ./src/MCAL/TIMER0/TIMER0_prg.o
                0x0000190e                M_TIMER_enum_Timer0_stop
 .text.M_TIMER_enum_Timer0_GetCounts
                0x00001940       0xf2 ./src/MCAL/TIMER0/TIMER0_prg.o
                0x00001940                M_TIMER_enum_Timer0_GetCounts
 .text.M_TIMER_enum_Timer0_setDelayTimeMilliSec
                0x00001a32      0x222 ./src/MCAL/TIMER0/TIMER0_prg.o
                0x00001a32                M_TIMER_enum_Timer0_setDelayTimeMilliSec
 .text.M_TIMER_enum_Timer0_EnableInt
                0x00001c54       0x34 ./src/MCAL/TIMER0/TIMER0_prg.o
                0x00001c54                M_TIMER_enum_Timer0_EnableInt
 .text.M_TIMER_enum_Timer0_DisableInt
                0x00001c88       0x34 ./src/MCAL/TIMER0/TIMER0_prg.o
                0x00001c88                M_TIMER_enum_Timer0_DisableInt
 .text.M_TIMER_enum_Timer0_setCallBack
                0x00001cbc       0x7c ./src/MCAL/TIMER0/TIMER0_prg.o
                0x00001cbc                M_TIMER_enum_Timer0_setCallBack
 .text.M_TIMER_enum_Timer0_setFastPWM
                0x00001d38      0x2b4 ./src/MCAL/TIMER0/TIMER0_prg.o
                0x00001d38                M_TIMER_enum_Timer0_setFastPWM
 .text.M_TIMER_enum_Timer0_setphaseCorrectPWM
                0x00001fec      0x2a0 ./src/MCAL/TIMER0/TIMER0_prg.o
                0x00001fec                M_TIMER_enum_Timer0_setphaseCorrectPWM
 .text.__vector_11
                0x0000228c       0x96 ./src/MCAL/TIMER0/TIMER0_prg.o
                0x0000228c                __vector_11
 .text.__vector_10
                0x00002322       0x70 ./src/MCAL/TIMER0/TIMER0_prg.o
                0x00002322                __vector_10
 .text.PORT_Init
                0x00002392      0x4d6 ./src/MCAL/PORT/PORT_Prog.o
                0x00002392                PORT_Init
 .text.GIE_enuInit
                0x00002868       0x12 ./src/MCAL/GIE/GIE_prog.o
                0x00002868                GIE_enuInit
 .text.GIE_enuEnable
                0x0000287a       0x12 ./src/MCAL/GIE/GIE_prog.o
                0x0000287a                GIE_enuEnable
 .text.GIE_enuDisable
                0x0000288c       0x12 ./src/MCAL/GIE/GIE_prog.o
                0x0000288c                GIE_enuDisable
 .text.EXTI_enuInit
                0x0000289e      0x3f2 ./src/MCAL/EXTI/EXTI_prog.o
                0x0000289e                EXTI_enuInit
 .text.EXTI_enuSetSenseLvl
                0x00002c90      0x118 ./src/MCAL/EXTI/EXTI_prog.o
                0x00002c90                EXTI_enuSetSenseLvl
 .text.EXTI_enuEnableInt
                0x00002da8       0x50 ./src/MCAL/EXTI/EXTI_prog.o
                0x00002da8                EXTI_enuEnableInt
 .text.EXTI_enuDisbleInt
                0x00002df8       0x52 ./src/MCAL/EXTI/EXTI_prog.o
                0x00002df8                EXTI_enuDisbleInt
 .text.EXTI_enuCallBack
                0x00002e4a       0x98 ./src/MCAL/EXTI/EXTI_prog.o
                0x00002e4a                EXTI_enuCallBack
 .text.__vector_1
                0x00002ee2       0x6e ./src/MCAL/EXTI/EXTI_prog.o
                0x00002ee2                __vector_1
 .text.__vector_2
                0x00002f50       0x6e ./src/MCAL/EXTI/EXTI_prog.o
                0x00002f50                __vector_2
 .text.__vector_3
                0x00002fbe       0x6e ./src/MCAL/EXTI/EXTI_prog.o
                0x00002fbe                __vector_3
 .text.M_DIO_enu_getPinValue
                0x0000302c      0x10c ./src/MCAL/DIO/DIO_Prog.o
                0x0000302c                M_DIO_enu_getPinValue
 .text.M_DIO_void_setPinValue
                0x00003138      0x21c ./src/MCAL/DIO/DIO_Prog.o
                0x00003138                M_DIO_void_setPinValue
 .text.M_Dio_en_getPortValue
                0x00003354       0x84 ./src/MCAL/DIO/DIO_Prog.o
                0x00003354                M_Dio_en_getPortValue
 .text.M_Dio_void_setPortValue
                0x000033d8       0x84 ./src/MCAL/DIO/DIO_Prog.o
                0x000033d8                M_Dio_void_setPortValue
 .text.M_DIO_void_togglePinValue
                0x0000345c      0x118 ./src/MCAL/DIO/DIO_Prog.o
                0x0000345c                M_DIO_void_togglePinValue
 .text.H_KEYPAD_u8_getPressedKey
                0x00003574      0x26e ./src/HAL/key_pad/KP_prg.o
                0x00003574                H_KEYPAD_u8_getPressedKey
 .text.H_US_enu_init
                0x000037e2       0x28 ./src/HAL/Ultra_Sonic/US_prg.o
                0x000037e2                H_US_enu_init
 .text.H_US_enu_send_trig
                0x0000380a      0x1b2 ./src/HAL/Ultra_Sonic/US_prg.o
 .text.H_US_enu_calculate_distance
                0x000039bc      0x1f6 ./src/HAL/Ultra_Sonic/US_prg.o
                0x000039bc                H_US_enu_calculate_distance
 .text.H_US_enu__edgeProcessing
                0x00003bb2       0x5a ./src/HAL/Ultra_Sonic/US_prg.o
                0x00003bb2                H_US_enu__edgeProcessing
 .text.H_SSD_VOID_displayNumber
                0x00003c0c      0x6b6 ./src/HAL/SSD/SSD_Prog.o
                0x00003c0c                H_SSD_VOID_displayNumber
 .text.H_PB_PB_state_readPb
                0x000042c2      0x474 ./src/HAL/Push_Button/PB_Prog.o
                0x000042c2                H_PB_PB_state_readPb
 .text.H_LED_void_turnOn
                0x00004736       0x7e ./src/HAL/LED/LED_Prog.o
                0x00004736                H_LED_void_turnOn
 .text.H_LED_void_turnOff
                0x000047b4       0x7e ./src/HAL/LED/LED_Prog.o
                0x000047b4                H_LED_void_turnOff
 .text.H_LED_void_toggle
                0x00004832       0x76 ./src/HAL/LED/LED_Prog.o
                0x00004832                H_LED_void_toggle
 .text.H_LCD_void_latchByte
                0x000048a8      0x47a ./src/HAL/LCD/LCD_prog.o
 .text.H_LCD_void_sendCommand
                0x00004d22       0x22 ./src/HAL/LCD/LCD_prog.o
                0x00004d22                H_LCD_void_sendCommand
 .text.H_LCD_void_sendData
                0x00004d44       0x22 ./src/HAL/LCD/LCD_prog.o
                0x00004d44                H_LCD_void_sendData
 .text.H_LCD_void_Init
                0x00004d66      0x322 ./src/HAL/LCD/LCD_prog.o
                0x00004d66                H_LCD_void_Init
 .text.H_LCD_void_sendIntNum
                0x00005088      0x126 ./src/HAL/LCD/LCD_prog.o
                0x00005088                H_LCD_void_sendIntNum
 .text.H_LCD_void_sendString
                0x000051ae       0x44 ./src/HAL/LCD/LCD_prog.o
                0x000051ae                H_LCD_void_sendString
 .text.H_LCD_void_gotoXY
                0x000051f2       0x5a ./src/HAL/LCD/LCD_prog.o
                0x000051f2                H_LCD_void_gotoXY
 .text.H_LCD_void_creatCustomChar
                0x0000524c       0x68 ./src/HAL/LCD/LCD_prog.o
                0x0000524c                H_LCD_void_creatCustomChar
 .text.H_LCD_void_displayCustomChar
                0x000052b4       0x1a ./src/HAL/LCD/LCD_prog.o
                0x000052b4                H_LCD_void_displayCustomChar
 .text.main     0x000052ce       0x62 ./src/APP/main.o
                0x000052ce                main
 .text.task1    0x00005330       0x1e ./src/APP/main.o
                0x00005330                task1
 .text.task2    0x0000534e       0x1e ./src/APP/main.o
                0x0000534e                task2
 .text.task3    0x0000536c       0x1e ./src/APP/main.o
                0x0000536c                task3
 .text.libgcc   0x0000538a       0x3e f:/programs/sdk/sdk_win_64/sdk_win_64/winavr/bin/../lib/gcc/avr/4.3.3/avr5\libgcc.a(_mulsi3.o)
                0x0000538a                __mulsi3
 .text.libgcc   0x000053c8       0x18 f:/programs/sdk/sdk_win_64/sdk_win_64/winavr/bin/../lib/gcc/avr/4.3.3/avr5\libgcc.a(_udivmodqi4.o)
                0x000053c8                __udivmodqi4
 .text.libgcc   0x000053e0       0x28 f:/programs/sdk/sdk_win_64/sdk_win_64/winavr/bin/../lib/gcc/avr/4.3.3/avr5\libgcc.a(_udivmodhi4.o)
                0x000053e0                __udivmodhi4
 .text.libgcc   0x00005408       0x44 f:/programs/sdk/sdk_win_64/sdk_win_64/winavr/bin/../lib/gcc/avr/4.3.3/avr5\libgcc.a(_udivmodsi4.o)
                0x00005408                __udivmodsi4
 .text.libgcc   0x0000544c       0x36 f:/programs/sdk/sdk_win_64/sdk_win_64/winavr/bin/../lib/gcc/avr/4.3.3/avr5\libgcc.a(_divmodsi4.o)
                0x0000544c                __divmodsi4
 .text.libgcc   0x00005482        0x0 f:/programs/sdk/sdk_win_64/sdk_win_64/winavr/bin/../lib/gcc/avr/4.3.3/avr5\libgcc.a(_exit.o)
 .text.libgcc   0x00005482        0x0 f:/programs/sdk/sdk_win_64/sdk_win_64/winavr/bin/../lib/gcc/avr/4.3.3/avr5\libgcc.a(_copy_data.o)
 .text.libgcc   0x00005482        0x0 f:/programs/sdk/sdk_win_64/sdk_win_64/winavr/bin/../lib/gcc/avr/4.3.3/avr5\libgcc.a(_clear_bss.o)
 .text.libgcc   0x00005482       0x38 f:/programs/sdk/sdk_win_64/sdk_win_64/winavr/bin/../lib/gcc/avr/4.3.3/avr5\libgcc.a(_prologue.o)
                0x00005482                __prologue_saves__
 .text.libgcc   0x000054ba       0x36 f:/programs/sdk/sdk_win_64/sdk_win_64/winavr/bin/../lib/gcc/avr/4.3.3/avr5\libgcc.a(_epilogue.o)
                0x000054ba                __epilogue_restores__
                0x000054f0                . = ALIGN (0x2)
 *(.fini9)
 .fini9         0x000054f0        0x0 f:/programs/sdk/sdk_win_64/sdk_win_64/winavr/bin/../lib/gcc/avr/4.3.3/avr5\libgcc.a(_exit.o)
                0x000054f0                exit
                0x000054f0                _exit
 *(.fini9)
 *(.fini8)
 *(.fini8)
 *(.fini7)
 *(.fini7)
 *(.fini6)
 *(.fini6)
 *(.fini5)
 *(.fini5)
 *(.fini4)
 *(.fini4)
 *(.fini3)
 *(.fini3)
 *(.fini2)
 *(.fini2)
 *(.fini1)
 *(.fini1)
 *(.fini0)
 .fini0         0x000054f0        0x4 f:/programs/sdk/sdk_win_64/sdk_win_64/winavr/bin/../lib/gcc/avr/4.3.3/avr5\libgcc.a(_exit.o)
 *(.fini0)
                0x000054f4                _etext = .

.data           0x00800060      0x1aa load address 0x000054f4
                0x00800060                PROVIDE (__data_start, .)
 *(.data)
 .data          0x00800060        0x0 f:/programs/sdk/sdk_win_64/sdk_win_64/winavr/bin/../lib/gcc/avr/4.3.3/../../../../avr/lib/avr5/crtm32.o
 .data          0x00800060        0x0 ./src/TMU/TMU_prg.o
 .data          0x00800060        0x0 ./src/MCAL/TIMER1/TIMER1_prg.o
 .data          0x00800060        0x0 ./src/MCAL/TIMER0/TIMER0_prg.o
 .data          0x00800060        0x0 ./src/MCAL/PORT/PORT_Prog.o
 .data          0x00800060        0x0 ./src/MCAL/GIE/GIE_prog.o
 .data          0x00800060        0x0 ./src/MCAL/EXTI/EXTI_prog.o
 .data          0x00800060        0x0 ./src/MCAL/DIO/DIO_Prog.o
 .data          0x00800060        0x0 ./src/HAL/key_pad/KP_prg.o
 .data          0x00800060        0x0 ./src/HAL/Ultra_Sonic/US_prg.o
 .data          0x00800060        0x0 ./src/HAL/SSD/SSD_Prog.o
 .data          0x00800060        0x0 ./src/HAL/Push_Button/PB_Prog.o
 .data          0x00800060        0x0 ./src/HAL/LED/LED_Prog.o
 .data          0x00800060        0x0 ./src/HAL/LCD/LCD_prog.o
 .data          0x00800060        0x0 ./src/CONFIG/DIO_Lcfg.o
 .data          0x00800060        0x0 ./src/CONFIG/EXTI_config.o
 .data          0x00800060        0x0 ./src/CONFIG/KP_Lcfg.o
 .data          0x00800060        0x0 ./src/CONFIG/LCD_Lcfg.o
 .data          0x00800060        0x0 ./src/CONFIG/LED_Lcfg.o
 .data          0x00800060        0x0 ./src/CONFIG/PB_Lcfg.o
 .data          0x00800060        0x0 ./src/CONFIG/PORT_Lcfg.o
 .data          0x00800060        0x0 ./src/CONFIG/SSD_Lcfg.o
 .data          0x00800060        0x0 ./src/CONFIG/TIMER0_Lcfg.o
 .data          0x00800060        0x0 ./src/CONFIG/TIMER1_Lcfg.o
 .data          0x00800060        0x0 ./src/CONFIG/TMU_Lcfg.o
 .data          0x00800060        0x0 ./src/CONFIG/US_Lcfg.o
 .data          0x00800060        0x0 ./src/APP/main.o
 .data          0x00800060        0x0 ./doc/temps/source_temp.o
 .data          0x00800060        0x0 f:/programs/sdk/sdk_win_64/sdk_win_64/winavr/bin/../lib/gcc/avr/4.3.3/avr5\libgcc.a(_mulsi3.o)
 .data          0x00800060        0x0 f:/programs/sdk/sdk_win_64/sdk_win_64/winavr/bin/../lib/gcc/avr/4.3.3/avr5\libgcc.a(_udivmodqi4.o)
 .data          0x00800060        0x0 f:/programs/sdk/sdk_win_64/sdk_win_64/winavr/bin/../lib/gcc/avr/4.3.3/avr5\libgcc.a(_udivmodhi4.o)
 .data          0x00800060        0x0 f:/programs/sdk/sdk_win_64/sdk_win_64/winavr/bin/../lib/gcc/avr/4.3.3/avr5\libgcc.a(_udivmodsi4.o)
 .data          0x00800060        0x0 f:/programs/sdk/sdk_win_64/sdk_win_64/winavr/bin/../lib/gcc/avr/4.3.3/avr5\libgcc.a(_divmodsi4.o)
 .data          0x00800060        0x0 f:/programs/sdk/sdk_win_64/sdk_win_64/winavr/bin/../lib/gcc/avr/4.3.3/avr5\libgcc.a(_exit.o)
 .data          0x00800060        0x0 f:/programs/sdk/sdk_win_64/sdk_win_64/winavr/bin/../lib/gcc/avr/4.3.3/avr5\libgcc.a(_copy_data.o)
 .data          0x00800060        0x0 f:/programs/sdk/sdk_win_64/sdk_win_64/winavr/bin/../lib/gcc/avr/4.3.3/avr5\libgcc.a(_clear_bss.o)
 .data          0x00800060        0x0 f:/programs/sdk/sdk_win_64/sdk_win_64/winavr/bin/../lib/gcc/avr/4.3.3/avr5\libgcc.a(_fixunssfsi.o)
 .data          0x00800060        0x0 f:/programs/sdk/sdk_win_64/sdk_win_64/winavr/bin/../lib/gcc/avr/4.3.3/avr5\libgcc.a(_addsub_sf.o)
 .data          0x00800060        0x0 f:/programs/sdk/sdk_win_64/sdk_win_64/winavr/bin/../lib/gcc/avr/4.3.3/avr5\libgcc.a(_mul_sf.o)
 .data          0x00800060        0x0 f:/programs/sdk/sdk_win_64/sdk_win_64/winavr/bin/../lib/gcc/avr/4.3.3/avr5\libgcc.a(_div_sf.o)
 .data          0x00800060        0x0 f:/programs/sdk/sdk_win_64/sdk_win_64/winavr/bin/../lib/gcc/avr/4.3.3/avr5\libgcc.a(_gt_sf.o)
 .data          0x00800060        0x0 f:/programs/sdk/sdk_win_64/sdk_win_64/winavr/bin/../lib/gcc/avr/4.3.3/avr5\libgcc.a(_ge_sf.o)
 .data          0x00800060        0x0 f:/programs/sdk/sdk_win_64/sdk_win_64/winavr/bin/../lib/gcc/avr/4.3.3/avr5\libgcc.a(_lt_sf.o)
 .data          0x00800060        0x0 f:/programs/sdk/sdk_win_64/sdk_win_64/winavr/bin/../lib/gcc/avr/4.3.3/avr5\libgcc.a(_sf_to_si.o)
 .data          0x00800060        0x8 f:/programs/sdk/sdk_win_64/sdk_win_64/winavr/bin/../lib/gcc/avr/4.3.3/avr5\libgcc.a(_thenan_sf.o)
                0x00800060                __thenan_sf
 .data          0x00800068        0x0 f:/programs/sdk/sdk_win_64/sdk_win_64/winavr/bin/../lib/gcc/avr/4.3.3/avr5\libgcc.a(_usi_to_sf.o)
 .data          0x00800068        0x0 f:/programs/sdk/sdk_win_64/sdk_win_64/winavr/bin/../lib/gcc/avr/4.3.3/avr5\libgcc.a(_prologue.o)
 .data          0x00800068        0x0 f:/programs/sdk/sdk_win_64/sdk_win_64/winavr/bin/../lib/gcc/avr/4.3.3/avr5\libgcc.a(_epilogue.o)
 .data          0x00800068        0x0 f:/programs/sdk/sdk_win_64/sdk_win_64/winavr/bin/../lib/gcc/avr/4.3.3/avr5\libgcc.a(_clzsi2.o)
 .data          0x00800068        0x0 f:/programs/sdk/sdk_win_64/sdk_win_64/winavr/bin/../lib/gcc/avr/4.3.3/avr5\libgcc.a(_pack_sf.o)
 .data          0x00800068        0x0 f:/programs/sdk/sdk_win_64/sdk_win_64/winavr/bin/../lib/gcc/avr/4.3.3/avr5\libgcc.a(_unpack_sf.o)
 .data          0x00800068        0x0 f:/programs/sdk/sdk_win_64/sdk_win_64/winavr/bin/../lib/gcc/avr/4.3.3/avr5\libgcc.a(_fpcmp_parts_sf.o)
 .data          0x00800068      0x100 f:/programs/sdk/sdk_win_64/sdk_win_64/winavr/bin/../lib/gcc/avr/4.3.3/avr5\libgcc.a(_clz.o)
                0x00800068                __clz_tab
 *(.data*)
 .data.EXTI_u8EXTINum
                0x00800168        0x1 ./src/CONFIG/EXTI_config.o
                0x00800168                EXTI_u8EXTINum
 .data.EXTI_AstrEXTIConfig
                0x00800169        0x9 ./src/CONFIG/EXTI_config.o
                0x00800169                EXTI_AstrEXTIConfig
 .data.timer0_cfg1
                0x00800172        0x7 ./src/CONFIG/TIMER0_Lcfg.o
                0x00800172                timer0_cfg1
 *(.rodata)
 *(.rodata*)
 .rodata.C.7.1347
                0x00800179       0x10 ./src/HAL/key_pad/KP_prg.o
 .rodata.PORT_Config_Arr
                0x00800189       0x80 ./src/CONFIG/PORT_Lcfg.o
                0x00800189                PORT_Config_Arr
 *(.gnu.linkonce.d*)
                0x0080020a                . = ALIGN (0x2)
 *fill*         0x00800209        0x1 00
                0x0080020a                _edata = .
                0x0080020a                PROVIDE (__data_end, .)

.bss            0x0080020a       0x69
                0x0080020a                PROVIDE (__bss_start, .)
 *(.bss)
 .bss           0x0080020a        0x0 f:/programs/sdk/sdk_win_64/sdk_win_64/winavr/bin/../lib/gcc/avr/4.3.3/../../../../avr/lib/avr5/crtm32.o
 .bss           0x0080020a        0x0 ./src/TMU/TMU_prg.o
 .bss           0x0080020a        0x0 ./src/MCAL/TIMER1/TIMER1_prg.o
 .bss           0x0080020a        0x0 ./src/MCAL/TIMER0/TIMER0_prg.o
 .bss           0x0080020a        0x0 ./src/MCAL/PORT/PORT_Prog.o
 .bss           0x0080020a        0x0 ./src/MCAL/GIE/GIE_prog.o
 .bss           0x0080020a        0x0 ./src/MCAL/EXTI/EXTI_prog.o
 .bss           0x0080020a        0x0 ./src/MCAL/DIO/DIO_Prog.o
 .bss           0x0080020a        0x0 ./src/HAL/key_pad/KP_prg.o
 .bss           0x0080020a        0x0 ./src/HAL/Ultra_Sonic/US_prg.o
 .bss           0x0080020a        0x0 ./src/HAL/SSD/SSD_Prog.o
 .bss           0x0080020a        0x0 ./src/HAL/Push_Button/PB_Prog.o
 .bss           0x0080020a        0x0 ./src/HAL/LED/LED_Prog.o
 .bss           0x0080020a        0x0 ./src/HAL/LCD/LCD_prog.o
 .bss           0x0080020a        0x0 ./src/CONFIG/DIO_Lcfg.o
 .bss           0x0080020a        0x0 ./src/CONFIG/EXTI_config.o
 .bss           0x0080020a        0x0 ./src/CONFIG/KP_Lcfg.o
 .bss           0x0080020a        0x0 ./src/CONFIG/LCD_Lcfg.o
 .bss           0x0080020a        0x0 ./src/CONFIG/LED_Lcfg.o
 .bss           0x0080020a        0x0 ./src/CONFIG/PB_Lcfg.o
 .bss           0x0080020a        0x0 ./src/CONFIG/PORT_Lcfg.o
 .bss           0x0080020a        0x0 ./src/CONFIG/SSD_Lcfg.o
 .bss           0x0080020a        0x0 ./src/CONFIG/TIMER0_Lcfg.o
 .bss           0x0080020a        0x0 ./src/CONFIG/TIMER1_Lcfg.o
 .bss           0x0080020a        0x0 ./src/CONFIG/TMU_Lcfg.o
 .bss           0x0080020a        0x0 ./src/CONFIG/US_Lcfg.o
 .bss           0x0080020a        0x0 ./src/APP/main.o
 .bss           0x0080020a        0x0 ./doc/temps/source_temp.o
 .bss           0x0080020a        0x0 f:/programs/sdk/sdk_win_64/sdk_win_64/winavr/bin/../lib/gcc/avr/4.3.3/avr5\libgcc.a(_mulsi3.o)
 .bss           0x0080020a        0x0 f:/programs/sdk/sdk_win_64/sdk_win_64/winavr/bin/../lib/gcc/avr/4.3.3/avr5\libgcc.a(_udivmodqi4.o)
 .bss           0x0080020a        0x0 f:/programs/sdk/sdk_win_64/sdk_win_64/winavr/bin/../lib/gcc/avr/4.3.3/avr5\libgcc.a(_udivmodhi4.o)
 .bss           0x0080020a        0x0 f:/programs/sdk/sdk_win_64/sdk_win_64/winavr/bin/../lib/gcc/avr/4.3.3/avr5\libgcc.a(_udivmodsi4.o)
 .bss           0x0080020a        0x0 f:/programs/sdk/sdk_win_64/sdk_win_64/winavr/bin/../lib/gcc/avr/4.3.3/avr5\libgcc.a(_divmodsi4.o)
 .bss           0x0080020a        0x0 f:/programs/sdk/sdk_win_64/sdk_win_64/winavr/bin/../lib/gcc/avr/4.3.3/avr5\libgcc.a(_exit.o)
 .bss           0x0080020a        0x0 f:/programs/sdk/sdk_win_64/sdk_win_64/winavr/bin/../lib/gcc/avr/4.3.3/avr5\libgcc.a(_copy_data.o)
 .bss           0x0080020a        0x0 f:/programs/sdk/sdk_win_64/sdk_win_64/winavr/bin/../lib/gcc/avr/4.3.3/avr5\libgcc.a(_clear_bss.o)
 .bss           0x0080020a        0x0 f:/programs/sdk/sdk_win_64/sdk_win_64/winavr/bin/../lib/gcc/avr/4.3.3/avr5\libgcc.a(_fixunssfsi.o)
 .bss           0x0080020a        0x0 f:/programs/sdk/sdk_win_64/sdk_win_64/winavr/bin/../lib/gcc/avr/4.3.3/avr5\libgcc.a(_addsub_sf.o)
 .bss           0x0080020a        0x0 f:/programs/sdk/sdk_win_64/sdk_win_64/winavr/bin/../lib/gcc/avr/4.3.3/avr5\libgcc.a(_mul_sf.o)
 .bss           0x0080020a        0x0 f:/programs/sdk/sdk_win_64/sdk_win_64/winavr/bin/../lib/gcc/avr/4.3.3/avr5\libgcc.a(_div_sf.o)
 .bss           0x0080020a        0x0 f:/programs/sdk/sdk_win_64/sdk_win_64/winavr/bin/../lib/gcc/avr/4.3.3/avr5\libgcc.a(_gt_sf.o)
 .bss           0x0080020a        0x0 f:/programs/sdk/sdk_win_64/sdk_win_64/winavr/bin/../lib/gcc/avr/4.3.3/avr5\libgcc.a(_ge_sf.o)
 .bss           0x0080020a        0x0 f:/programs/sdk/sdk_win_64/sdk_win_64/winavr/bin/../lib/gcc/avr/4.3.3/avr5\libgcc.a(_lt_sf.o)
 .bss           0x0080020a        0x0 f:/programs/sdk/sdk_win_64/sdk_win_64/winavr/bin/../lib/gcc/avr/4.3.3/avr5\libgcc.a(_sf_to_si.o)
 .bss           0x0080020a        0x0 f:/programs/sdk/sdk_win_64/sdk_win_64/winavr/bin/../lib/gcc/avr/4.3.3/avr5\libgcc.a(_thenan_sf.o)
 .bss           0x0080020a        0x0 f:/programs/sdk/sdk_win_64/sdk_win_64/winavr/bin/../lib/gcc/avr/4.3.3/avr5\libgcc.a(_usi_to_sf.o)
 .bss           0x0080020a        0x0 f:/programs/sdk/sdk_win_64/sdk_win_64/winavr/bin/../lib/gcc/avr/4.3.3/avr5\libgcc.a(_prologue.o)
 .bss           0x0080020a        0x0 f:/programs/sdk/sdk_win_64/sdk_win_64/winavr/bin/../lib/gcc/avr/4.3.3/avr5\libgcc.a(_epilogue.o)
 .bss           0x0080020a        0x0 f:/programs/sdk/sdk_win_64/sdk_win_64/winavr/bin/../lib/gcc/avr/4.3.3/avr5\libgcc.a(_clzsi2.o)
 .bss           0x0080020a        0x0 f:/programs/sdk/sdk_win_64/sdk_win_64/winavr/bin/../lib/gcc/avr/4.3.3/avr5\libgcc.a(_pack_sf.o)
 .bss           0x0080020a        0x0 f:/programs/sdk/sdk_win_64/sdk_win_64/winavr/bin/../lib/gcc/avr/4.3.3/avr5\libgcc.a(_unpack_sf.o)
 .bss           0x0080020a        0x0 f:/programs/sdk/sdk_win_64/sdk_win_64/winavr/bin/../lib/gcc/avr/4.3.3/avr5\libgcc.a(_fpcmp_parts_sf.o)
 .bss           0x0080020a        0x0 f:/programs/sdk/sdk_win_64/sdk_win_64/winavr/bin/../lib/gcc/avr/4.3.3/avr5\libgcc.a(_clz.o)
 *(.bss*)
 .bss.OS_Ticks  0x0080020a        0x4 ./src/TMU/TMU_prg.o
                0x0080020a                OS_Ticks
 .bss.Num_CTC   0x0080020e        0x1 ./src/TMU/TMU_prg.o
                0x0080020e                Num_CTC
 .bss.CTC_Count
                0x0080020f        0x1 ./src/TMU/TMU_prg.o
                0x0080020f                CTC_Count
 .bss.Num_OVF   0x00800210        0x2 ./src/TMU/TMU_prg.o
                0x00800210                Num_OVF
 .bss.OVF_Count
                0x00800212        0x2 ./src/TMU/TMU_prg.o
                0x00800212                OVF_Count
 .bss.Preload   0x00800214        0x1 ./src/TMU/TMU_prg.o
                0x00800214                Preload
 .bss.TIMER1_ApfunISRFun
                0x00800215        0x8 ./src/MCAL/TIMER1/TIMER1_prg.o
 .bss.TIMER1_ApvidISRParameter
                0x0080021d        0x8 ./src/MCAL/TIMER1/TIMER1_prg.o
 .bss.TIMER1_ICR_readings
                0x00800225        0x2 ./src/MCAL/TIMER1/TIMER1_prg.o
                0x00800225                TIMER1_ICR_readings
 .bss.i         0x00800227        0x1 ./src/MCAL/TIMER1/TIMER1_prg.o
                0x00800227                i
 .bss.No_Of_overFlows
                0x00800228        0x4 ./src/MCAL/TIMER0/TIMER0_prg.o
 .bss.No_Of_compareMatches
                0x0080022c        0x4 ./src/MCAL/TIMER0/TIMER0_prg.o
 .bss.local_no_of_compareMAtches
                0x00800230        0x4 ./src/MCAL/TIMER0/TIMER0_prg.o
 .bss.TIMER0_ApfunISRFun
                0x00800234        0x4 ./src/MCAL/TIMER0/TIMER0_prg.o
 .bss.TIMER0_ApvidISRParameter
                0x00800238        0x4 ./src/MCAL/TIMER0/TIMER0_prg.o
 .bss.EXTI_ApfunISRFun
                0x0080023c        0x6 ./src/MCAL/EXTI/EXTI_prog.o
 .bss.EXTI_ApvidISRParameter
                0x00800242        0x6 ./src/MCAL/EXTI/EXTI_prog.o
 .bss.edgeCount
                0x00800248        0x1 ./src/HAL/Ultra_Sonic/US_prg.o
                0x00800248                edgeCount
 *(COMMON)
 COMMON         0x00800249       0x28 ./src/TMU/TMU_prg.o
                0x00800249                All_Tasks
 COMMON         0x00800271        0x2 ./src/HAL/Ultra_Sonic/US_prg.o
                0x00800271                TIMER1_ICR_reading
                0x00800273                PROVIDE (__bss_end, .)
                0x000054f4                __data_load_start = LOADADDR (.data)
                0x0000569e                __data_load_end = (__data_load_start + SIZEOF (.data))

.noinit         0x00800273        0x0
                0x00800273                PROVIDE (__noinit_start, .)
 *(.noinit*)
                0x00800273                PROVIDE (__noinit_end, .)
                0x00800273                _end = .
                0x00800273                PROVIDE (__heap_start, .)

.eeprom         0x00810000        0x0
 *(.eeprom*)
                0x00810000                __eeprom_end = .

.fuse
 *(.fuse)
 *(.lfuse)
 *(.hfuse)
 *(.efuse)

.lock
 *(.lock*)

.signature
 *(.signature*)

.stab           0x00000000     0x6108
 *(.stab)
 .stab          0x00000000      0x48c ./src/TMU/TMU_prg.o
 .stab          0x0000048c      0x894 ./src/MCAL/TIMER1/TIMER1_prg.o
                                0x90c (size before relaxing)
 .stab          0x00000d20      0xe70 ./src/MCAL/TIMER0/TIMER0_prg.o
                               0x10c8 (size before relaxing)
 .stab          0x00001b90      0x330 ./src/MCAL/PORT/PORT_Prog.o
                                0x3a8 (size before relaxing)
 .stab          0x00001ec0      0x1a4 ./src/MCAL/GIE/GIE_prog.o
                                0x240 (size before relaxing)
 .stab          0x00002064      0x6b4 ./src/MCAL/EXTI/EXTI_prog.o
                                0x750 (size before relaxing)
 .stab          0x00002718      0x510 ./src/MCAL/DIO/DIO_Prog.o
                                0x588 (size before relaxing)
 .stab          0x00002c28      0x444 ./src/HAL/key_pad/KP_prg.o
                                0x63c (size before relaxing)
 .stab          0x0000306c      0x6d8 ./src/HAL/Ultra_Sonic/US_prg.o
                                0x984 (size before relaxing)
 .stab          0x00003744      0x63c ./src/HAL/SSD/SSD_Prog.o
                                0x8a0 (size before relaxing)
 .stab          0x00003d80      0x5c4 ./src/HAL/Push_Button/PB_Prog.o
                                0x840 (size before relaxing)
 .stab          0x00004344      0x240 ./src/HAL/LED/LED_Prog.o
                                0x324 (size before relaxing)
 .stab          0x00004584      0xaec ./src/HAL/LCD/LCD_prog.o
                                0xd68 (size before relaxing)
 .stab          0x00005070       0xd8 ./src/CONFIG/DIO_Lcfg.o
                                 0xe4 (size before relaxing)
 .stab          0x00005148      0x12c ./src/CONFIG/EXTI_config.o
                                0x1c8 (size before relaxing)
 .stab          0x00005274      0x114 ./src/CONFIG/KP_Lcfg.o
                                0x1f8 (size before relaxing)
 .stab          0x00005388       0xd8 ./src/CONFIG/LCD_Lcfg.o
                                 0xe4 (size before relaxing)
 .stab          0x00005460       0xd8 ./src/CONFIG/LED_Lcfg.o
                                 0xe4 (size before relaxing)
 .stab          0x00005538       0xd8 ./src/CONFIG/PB_Lcfg.o
                                 0xe4 (size before relaxing)
 .stab          0x00005610      0x210 ./src/CONFIG/PORT_Lcfg.o
                                0x21c (size before relaxing)
 .stab          0x00005820       0xd8 ./src/CONFIG/SSD_Lcfg.o
                                 0xe4 (size before relaxing)
 .stab          0x000058f8      0x120 ./src/CONFIG/TIMER0_Lcfg.o
                                0x234 (size before relaxing)
 .stab          0x00005a18       0xd8 ./src/CONFIG/TIMER1_Lcfg.o
                                 0xe4 (size before relaxing)
 .stab          0x00005af0       0xd8 ./src/CONFIG/TMU_Lcfg.o
                                 0xe4 (size before relaxing)
 .stab          0x00005bc8       0xd8 ./src/CONFIG/US_Lcfg.o
                                 0xe4 (size before relaxing)
 .stab          0x00005ca0      0x390 ./src/APP/main.o
                                0x4a4 (size before relaxing)
 .stab          0x00006030       0xd8 ./doc/temps/source_temp.o
                                 0xe4 (size before relaxing)

.stabstr        0x00000000     0x3f19
 *(.stabstr)
 .stabstr       0x00000000     0x3f19 ./src/TMU/TMU_prg.o

.stab.excl
 *(.stab.excl)

.stab.exclstr
 *(.stab.exclstr)

.stab.index
 *(.stab.index)

.stab.indexstr
 *(.stab.indexstr)

.comment
 *(.comment)

.debug
 *(.debug)

.line
 *(.line)

.debug_srcinfo
 *(.debug_srcinfo)

.debug_sfnames
 *(.debug_sfnames)

.debug_aranges  0x00000000      0x1a0
 *(.debug_aranges)
 .debug_aranges
                0x00000000       0x20 f:/programs/sdk/sdk_win_64/sdk_win_64/winavr/bin/../lib/gcc/avr/4.3.3/avr5\libgcc.a(_fixunssfsi.o)
 .debug_aranges
                0x00000020       0x20 f:/programs/sdk/sdk_win_64/sdk_win_64/winavr/bin/../lib/gcc/avr/4.3.3/avr5\libgcc.a(_addsub_sf.o)
 .debug_aranges
                0x00000040       0x20 f:/programs/sdk/sdk_win_64/sdk_win_64/winavr/bin/../lib/gcc/avr/4.3.3/avr5\libgcc.a(_mul_sf.o)
 .debug_aranges
                0x00000060       0x20 f:/programs/sdk/sdk_win_64/sdk_win_64/winavr/bin/../lib/gcc/avr/4.3.3/avr5\libgcc.a(_div_sf.o)
 .debug_aranges
                0x00000080       0x20 f:/programs/sdk/sdk_win_64/sdk_win_64/winavr/bin/../lib/gcc/avr/4.3.3/avr5\libgcc.a(_gt_sf.o)
 .debug_aranges
                0x000000a0       0x20 f:/programs/sdk/sdk_win_64/sdk_win_64/winavr/bin/../lib/gcc/avr/4.3.3/avr5\libgcc.a(_ge_sf.o)
 .debug_aranges
                0x000000c0       0x20 f:/programs/sdk/sdk_win_64/sdk_win_64/winavr/bin/../lib/gcc/avr/4.3.3/avr5\libgcc.a(_lt_sf.o)
 .debug_aranges
                0x000000e0       0x20 f:/programs/sdk/sdk_win_64/sdk_win_64/winavr/bin/../lib/gcc/avr/4.3.3/avr5\libgcc.a(_sf_to_si.o)
 .debug_aranges
                0x00000100       0x20 f:/programs/sdk/sdk_win_64/sdk_win_64/winavr/bin/../lib/gcc/avr/4.3.3/avr5\libgcc.a(_usi_to_sf.o)
 .debug_aranges
                0x00000120       0x20 f:/programs/sdk/sdk_win_64/sdk_win_64/winavr/bin/../lib/gcc/avr/4.3.3/avr5\libgcc.a(_clzsi2.o)
 .debug_aranges
                0x00000140       0x20 f:/programs/sdk/sdk_win_64/sdk_win_64/winavr/bin/../lib/gcc/avr/4.3.3/avr5\libgcc.a(_pack_sf.o)
 .debug_aranges
                0x00000160       0x20 f:/programs/sdk/sdk_win_64/sdk_win_64/winavr/bin/../lib/gcc/avr/4.3.3/avr5\libgcc.a(_unpack_sf.o)
 .debug_aranges
                0x00000180       0x20 f:/programs/sdk/sdk_win_64/sdk_win_64/winavr/bin/../lib/gcc/avr/4.3.3/avr5\libgcc.a(_fpcmp_parts_sf.o)

.debug_pubnames
                0x00000000      0x1f2
 *(.debug_pubnames)
 .debug_pubnames
                0x00000000       0x23 f:/programs/sdk/sdk_win_64/sdk_win_64/winavr/bin/../lib/gcc/avr/4.3.3/avr5\libgcc.a(_fixunssfsi.o)
 .debug_pubnames
                0x00000023       0x2c f:/programs/sdk/sdk_win_64/sdk_win_64/winavr/bin/../lib/gcc/avr/4.3.3/avr5\libgcc.a(_addsub_sf.o)
 .debug_pubnames
                0x0000004f       0x1f f:/programs/sdk/sdk_win_64/sdk_win_64/winavr/bin/../lib/gcc/avr/4.3.3/avr5\libgcc.a(_mul_sf.o)
 .debug_pubnames
                0x0000006e       0x1f f:/programs/sdk/sdk_win_64/sdk_win_64/winavr/bin/../lib/gcc/avr/4.3.3/avr5\libgcc.a(_div_sf.o)
 .debug_pubnames
                0x0000008d       0x1e f:/programs/sdk/sdk_win_64/sdk_win_64/winavr/bin/../lib/gcc/avr/4.3.3/avr5\libgcc.a(_gt_sf.o)
 .debug_pubnames
                0x000000ab       0x1e f:/programs/sdk/sdk_win_64/sdk_win_64/winavr/bin/../lib/gcc/avr/4.3.3/avr5\libgcc.a(_ge_sf.o)
 .debug_pubnames
                0x000000c9       0x1e f:/programs/sdk/sdk_win_64/sdk_win_64/winavr/bin/../lib/gcc/avr/4.3.3/avr5\libgcc.a(_lt_sf.o)
 .debug_pubnames
                0x000000e7       0x20 f:/programs/sdk/sdk_win_64/sdk_win_64/winavr/bin/../lib/gcc/avr/4.3.3/avr5\libgcc.a(_sf_to_si.o)
 .debug_pubnames
                0x00000107       0x22 f:/programs/sdk/sdk_win_64/sdk_win_64/winavr/bin/../lib/gcc/avr/4.3.3/avr5\libgcc.a(_thenan_sf.o)
 .debug_pubnames
                0x00000129       0x24 f:/programs/sdk/sdk_win_64/sdk_win_64/winavr/bin/../lib/gcc/avr/4.3.3/avr5\libgcc.a(_usi_to_sf.o)
 .debug_pubnames
                0x0000014d       0x1f f:/programs/sdk/sdk_win_64/sdk_win_64/winavr/bin/../lib/gcc/avr/4.3.3/avr5\libgcc.a(_clzsi2.o)
 .debug_pubnames
                0x0000016c       0x1f f:/programs/sdk/sdk_win_64/sdk_win_64/winavr/bin/../lib/gcc/avr/4.3.3/avr5\libgcc.a(_pack_sf.o)
 .debug_pubnames
                0x0000018b       0x21 f:/programs/sdk/sdk_win_64/sdk_win_64/winavr/bin/../lib/gcc/avr/4.3.3/avr5\libgcc.a(_unpack_sf.o)
 .debug_pubnames
                0x000001ac       0x26 f:/programs/sdk/sdk_win_64/sdk_win_64/winavr/bin/../lib/gcc/avr/4.3.3/avr5\libgcc.a(_fpcmp_parts_sf.o)
 .debug_pubnames
                0x000001d2       0x20 f:/programs/sdk/sdk_win_64/sdk_win_64/winavr/bin/../lib/gcc/avr/4.3.3/avr5\libgcc.a(_clz.o)

.debug_info     0x00000000     0x240b
 *(.debug_info)
 .debug_info    0x00000000       0xb1 f:/programs/sdk/sdk_win_64/sdk_win_64/winavr/bin/../lib/gcc/avr/4.3.3/avr5\libgcc.a(_fixunssfsi.o)
 .debug_info    0x000000b1      0x47a f:/programs/sdk/sdk_win_64/sdk_win_64/winavr/bin/../lib/gcc/avr/4.3.3/avr5\libgcc.a(_addsub_sf.o)
 .debug_info    0x0000052b      0x485 f:/programs/sdk/sdk_win_64/sdk_win_64/winavr/bin/../lib/gcc/avr/4.3.3/avr5\libgcc.a(_mul_sf.o)
 .debug_info    0x000009b0      0x3fc f:/programs/sdk/sdk_win_64/sdk_win_64/winavr/bin/../lib/gcc/avr/4.3.3/avr5\libgcc.a(_div_sf.o)
 .debug_info    0x00000dac      0x27f f:/programs/sdk/sdk_win_64/sdk_win_64/winavr/bin/../lib/gcc/avr/4.3.3/avr5\libgcc.a(_gt_sf.o)
 .debug_info    0x0000102b      0x27f f:/programs/sdk/sdk_win_64/sdk_win_64/winavr/bin/../lib/gcc/avr/4.3.3/avr5\libgcc.a(_ge_sf.o)
 .debug_info    0x000012aa      0x27f f:/programs/sdk/sdk_win_64/sdk_win_64/winavr/bin/../lib/gcc/avr/4.3.3/avr5\libgcc.a(_lt_sf.o)
 .debug_info    0x00001529      0x2b0 f:/programs/sdk/sdk_win_64/sdk_win_64/winavr/bin/../lib/gcc/avr/4.3.3/avr5\libgcc.a(_sf_to_si.o)
 .debug_info    0x000017d9      0x12c f:/programs/sdk/sdk_win_64/sdk_win_64/winavr/bin/../lib/gcc/avr/4.3.3/avr5\libgcc.a(_thenan_sf.o)
 .debug_info    0x00001905      0x206 f:/programs/sdk/sdk_win_64/sdk_win_64/winavr/bin/../lib/gcc/avr/4.3.3/avr5\libgcc.a(_usi_to_sf.o)
 .debug_info    0x00001b0b      0x117 f:/programs/sdk/sdk_win_64/sdk_win_64/winavr/bin/../lib/gcc/avr/4.3.3/avr5\libgcc.a(_clzsi2.o)
 .debug_info    0x00001c22      0x2df f:/programs/sdk/sdk_win_64/sdk_win_64/winavr/bin/../lib/gcc/avr/4.3.3/avr5\libgcc.a(_pack_sf.o)
 .debug_info    0x00001f01      0x251 f:/programs/sdk/sdk_win_64/sdk_win_64/winavr/bin/../lib/gcc/avr/4.3.3/avr5\libgcc.a(_unpack_sf.o)
 .debug_info    0x00002152      0x210 f:/programs/sdk/sdk_win_64/sdk_win_64/winavr/bin/../lib/gcc/avr/4.3.3/avr5\libgcc.a(_fpcmp_parts_sf.o)
 .debug_info    0x00002362       0xa9 f:/programs/sdk/sdk_win_64/sdk_win_64/winavr/bin/../lib/gcc/avr/4.3.3/avr5\libgcc.a(_clz.o)
 *(.gnu.linkonce.wi.*)

.debug_abbrev   0x00000000     0x1386
 *(.debug_abbrev)
 .debug_abbrev  0x00000000       0x5d f:/programs/sdk/sdk_win_64/sdk_win_64/winavr/bin/../lib/gcc/avr/4.3.3/avr5\libgcc.a(_fixunssfsi.o)
 .debug_abbrev  0x0000005d      0x1ea f:/programs/sdk/sdk_win_64/sdk_win_64/winavr/bin/../lib/gcc/avr/4.3.3/avr5\libgcc.a(_addsub_sf.o)
 .debug_abbrev  0x00000247      0x21b f:/programs/sdk/sdk_win_64/sdk_win_64/winavr/bin/../lib/gcc/avr/4.3.3/avr5\libgcc.a(_mul_sf.o)
 .debug_abbrev  0x00000462      0x216 f:/programs/sdk/sdk_win_64/sdk_win_64/winavr/bin/../lib/gcc/avr/4.3.3/avr5\libgcc.a(_div_sf.o)
 .debug_abbrev  0x00000678      0x15a f:/programs/sdk/sdk_win_64/sdk_win_64/winavr/bin/../lib/gcc/avr/4.3.3/avr5\libgcc.a(_gt_sf.o)
 .debug_abbrev  0x000007d2      0x15a f:/programs/sdk/sdk_win_64/sdk_win_64/winavr/bin/../lib/gcc/avr/4.3.3/avr5\libgcc.a(_ge_sf.o)
 .debug_abbrev  0x0000092c      0x15a f:/programs/sdk/sdk_win_64/sdk_win_64/winavr/bin/../lib/gcc/avr/4.3.3/avr5\libgcc.a(_lt_sf.o)
 .debug_abbrev  0x00000a86      0x17f f:/programs/sdk/sdk_win_64/sdk_win_64/winavr/bin/../lib/gcc/avr/4.3.3/avr5\libgcc.a(_sf_to_si.o)
 .debug_abbrev  0x00000c05       0xad f:/programs/sdk/sdk_win_64/sdk_win_64/winavr/bin/../lib/gcc/avr/4.3.3/avr5\libgcc.a(_thenan_sf.o)
 .debug_abbrev  0x00000cb2      0x157 f:/programs/sdk/sdk_win_64/sdk_win_64/winavr/bin/../lib/gcc/avr/4.3.3/avr5\libgcc.a(_usi_to_sf.o)
 .debug_abbrev  0x00000e09       0xc4 f:/programs/sdk/sdk_win_64/sdk_win_64/winavr/bin/../lib/gcc/avr/4.3.3/avr5\libgcc.a(_clzsi2.o)
 .debug_abbrev  0x00000ecd      0x1c0 f:/programs/sdk/sdk_win_64/sdk_win_64/winavr/bin/../lib/gcc/avr/4.3.3/avr5\libgcc.a(_pack_sf.o)
 .debug_abbrev  0x0000108d      0x154 f:/programs/sdk/sdk_win_64/sdk_win_64/winavr/bin/../lib/gcc/avr/4.3.3/avr5\libgcc.a(_unpack_sf.o)
 .debug_abbrev  0x000011e1      0x13b f:/programs/sdk/sdk_win_64/sdk_win_64/winavr/bin/../lib/gcc/avr/4.3.3/avr5\libgcc.a(_fpcmp_parts_sf.o)
 .debug_abbrev  0x0000131c       0x6a f:/programs/sdk/sdk_win_64/sdk_win_64/winavr/bin/../lib/gcc/avr/4.3.3/avr5\libgcc.a(_clz.o)

.debug_line     0x00000000     0x11d6
 *(.debug_line)
 .debug_line    0x00000000       0xa7 f:/programs/sdk/sdk_win_64/sdk_win_64/winavr/bin/../lib/gcc/avr/4.3.3/avr5\libgcc.a(_fixunssfsi.o)
 .debug_line    0x000000a7      0x2af f:/programs/sdk/sdk_win_64/sdk_win_64/winavr/bin/../lib/gcc/avr/4.3.3/avr5\libgcc.a(_addsub_sf.o)
 .debug_line    0x00000356      0x239 f:/programs/sdk/sdk_win_64/sdk_win_64/winavr/bin/../lib/gcc/avr/4.3.3/avr5\libgcc.a(_mul_sf.o)
 .debug_line    0x0000058f      0x1d5 f:/programs/sdk/sdk_win_64/sdk_win_64/winavr/bin/../lib/gcc/avr/4.3.3/avr5\libgcc.a(_div_sf.o)
 .debug_line    0x00000764       0xd3 f:/programs/sdk/sdk_win_64/sdk_win_64/winavr/bin/../lib/gcc/avr/4.3.3/avr5\libgcc.a(_gt_sf.o)
 .debug_line    0x00000837       0xd3 f:/programs/sdk/sdk_win_64/sdk_win_64/winavr/bin/../lib/gcc/avr/4.3.3/avr5\libgcc.a(_ge_sf.o)
 .debug_line    0x0000090a       0xd3 f:/programs/sdk/sdk_win_64/sdk_win_64/winavr/bin/../lib/gcc/avr/4.3.3/avr5\libgcc.a(_lt_sf.o)
 .debug_line    0x000009dd      0x109 f:/programs/sdk/sdk_win_64/sdk_win_64/winavr/bin/../lib/gcc/avr/4.3.3/avr5\libgcc.a(_sf_to_si.o)
 .debug_line    0x00000ae6       0x90 f:/programs/sdk/sdk_win_64/sdk_win_64/winavr/bin/../lib/gcc/avr/4.3.3/avr5\libgcc.a(_thenan_sf.o)
 .debug_line    0x00000b76      0x133 f:/programs/sdk/sdk_win_64/sdk_win_64/winavr/bin/../lib/gcc/avr/4.3.3/avr5\libgcc.a(_usi_to_sf.o)
 .debug_line    0x00000ca9       0xa5 f:/programs/sdk/sdk_win_64/sdk_win_64/winavr/bin/../lib/gcc/avr/4.3.3/avr5\libgcc.a(_clzsi2.o)
 .debug_line    0x00000d4e      0x18a f:/programs/sdk/sdk_win_64/sdk_win_64/winavr/bin/../lib/gcc/avr/4.3.3/avr5\libgcc.a(_pack_sf.o)
 .debug_line    0x00000ed8      0x14b f:/programs/sdk/sdk_win_64/sdk_win_64/winavr/bin/../lib/gcc/avr/4.3.3/avr5\libgcc.a(_unpack_sf.o)
 .debug_line    0x00001023      0x137 f:/programs/sdk/sdk_win_64/sdk_win_64/winavr/bin/../lib/gcc/avr/4.3.3/avr5\libgcc.a(_fpcmp_parts_sf.o)
 .debug_line    0x0000115a       0x7c f:/programs/sdk/sdk_win_64/sdk_win_64/winavr/bin/../lib/gcc/avr/4.3.3/avr5\libgcc.a(_clz.o)

.debug_frame    0x00000000      0x1c0
 *(.debug_frame)
 .debug_frame   0x00000000       0x20 f:/programs/sdk/sdk_win_64/sdk_win_64/winavr/bin/../lib/gcc/avr/4.3.3/avr5\libgcc.a(_fixunssfsi.o)
 .debug_frame   0x00000020       0x40 f:/programs/sdk/sdk_win_64/sdk_win_64/winavr/bin/../lib/gcc/avr/4.3.3/avr5\libgcc.a(_addsub_sf.o)
 .debug_frame   0x00000060       0x20 f:/programs/sdk/sdk_win_64/sdk_win_64/winavr/bin/../lib/gcc/avr/4.3.3/avr5\libgcc.a(_mul_sf.o)
 .debug_frame   0x00000080       0x20 f:/programs/sdk/sdk_win_64/sdk_win_64/winavr/bin/../lib/gcc/avr/4.3.3/avr5\libgcc.a(_div_sf.o)
 .debug_frame   0x000000a0       0x20 f:/programs/sdk/sdk_win_64/sdk_win_64/winavr/bin/../lib/gcc/avr/4.3.3/avr5\libgcc.a(_gt_sf.o)
 .debug_frame   0x000000c0       0x20 f:/programs/sdk/sdk_win_64/sdk_win_64/winavr/bin/../lib/gcc/avr/4.3.3/avr5\libgcc.a(_ge_sf.o)
 .debug_frame   0x000000e0       0x20 f:/programs/sdk/sdk_win_64/sdk_win_64/winavr/bin/../lib/gcc/avr/4.3.3/avr5\libgcc.a(_lt_sf.o)
 .debug_frame   0x00000100       0x20 f:/programs/sdk/sdk_win_64/sdk_win_64/winavr/bin/../lib/gcc/avr/4.3.3/avr5\libgcc.a(_sf_to_si.o)
 .debug_frame   0x00000120       0x20 f:/programs/sdk/sdk_win_64/sdk_win_64/winavr/bin/../lib/gcc/avr/4.3.3/avr5\libgcc.a(_usi_to_sf.o)
 .debug_frame   0x00000140       0x20 f:/programs/sdk/sdk_win_64/sdk_win_64/winavr/bin/../lib/gcc/avr/4.3.3/avr5\libgcc.a(_clzsi2.o)
 .debug_frame   0x00000160       0x20 f:/programs/sdk/sdk_win_64/sdk_win_64/winavr/bin/../lib/gcc/avr/4.3.3/avr5\libgcc.a(_pack_sf.o)
 .debug_frame   0x00000180       0x20 f:/programs/sdk/sdk_win_64/sdk_win_64/winavr/bin/../lib/gcc/avr/4.3.3/avr5\libgcc.a(_unpack_sf.o)
 .debug_frame   0x000001a0       0x20 f:/programs/sdk/sdk_win_64/sdk_win_64/winavr/bin/../lib/gcc/avr/4.3.3/avr5\libgcc.a(_fpcmp_parts_sf.o)

.debug_str      0x00000000      0x2f6
 *(.debug_str)
 .debug_str     0x00000000       0xbf f:/programs/sdk/sdk_win_64/sdk_win_64/winavr/bin/../lib/gcc/avr/4.3.3/avr5\libgcc.a(_fixunssfsi.o)
                                 0xfe (size before relaxing)
 .debug_str     0x000000bf      0x14d f:/programs/sdk/sdk_win_64/sdk_win_64/winavr/bin/../lib/gcc/avr/4.3.3/avr5\libgcc.a(_addsub_sf.o)
                                0x206 (size before relaxing)
 .debug_str     0x0000020c       0x27 f:/programs/sdk/sdk_win_64/sdk_win_64/winavr/bin/../lib/gcc/avr/4.3.3/avr5\libgcc.a(_mul_sf.o)
                                0x1bf (size before relaxing)
 .debug_str     0x00000233       0x35 f:/programs/sdk/sdk_win_64/sdk_win_64/winavr/bin/../lib/gcc/avr/4.3.3/avr5\libgcc.a(_div_sf.o)
                                0x1c8 (size before relaxing)
 .debug_str     0x00000268        0x8 f:/programs/sdk/sdk_win_64/sdk_win_64/winavr/bin/../lib/gcc/avr/4.3.3/avr5\libgcc.a(_gt_sf.o)
                                0x195 (size before relaxing)
 .debug_str     0x00000270        0x8 f:/programs/sdk/sdk_win_64/sdk_win_64/winavr/bin/../lib/gcc/avr/4.3.3/avr5\libgcc.a(_ge_sf.o)
                                0x195 (size before relaxing)
 .debug_str     0x00000278        0x8 f:/programs/sdk/sdk_win_64/sdk_win_64/winavr/bin/../lib/gcc/avr/4.3.3/avr5\libgcc.a(_lt_sf.o)
                                0x195 (size before relaxing)
 .debug_str     0x00000280        0xa f:/programs/sdk/sdk_win_64/sdk_win_64/winavr/bin/../lib/gcc/avr/4.3.3/avr5\libgcc.a(_sf_to_si.o)
                                0x19e (size before relaxing)
 .debug_str     0x00000000      0x103 f:/programs/sdk/sdk_win_64/sdk_win_64/winavr/bin/../lib/gcc/avr/4.3.3/avr5\libgcc.a(_thenan_sf.o)
 .debug_str     0x0000028a       0x21 f:/programs/sdk/sdk_win_64/sdk_win_64/winavr/bin/../lib/gcc/avr/4.3.3/avr5\libgcc.a(_usi_to_sf.o)
                                0x177 (size before relaxing)
 .debug_str     0x000002ab       0x20 f:/programs/sdk/sdk_win_64/sdk_win_64/winavr/bin/../lib/gcc/avr/4.3.3/avr5\libgcc.a(_clzsi2.o)
                                0x111 (size before relaxing)
 .debug_str     0x000002cb       0x10 f:/programs/sdk/sdk_win_64/sdk_win_64/winavr/bin/../lib/gcc/avr/4.3.3/avr5\libgcc.a(_pack_sf.o)
                                0x19d (size before relaxing)
 .debug_str     0x000002db        0xb f:/programs/sdk/sdk_win_64/sdk_win_64/winavr/bin/../lib/gcc/avr/4.3.3/avr5\libgcc.a(_unpack_sf.o)
                                0x17f (size before relaxing)
 .debug_str     0x000002e6       0x10 f:/programs/sdk/sdk_win_64/sdk_win_64/winavr/bin/../lib/gcc/avr/4.3.3/avr5\libgcc.a(_fpcmp_parts_sf.o)
                                0x163 (size before relaxing)
 .debug_str     0x00000000       0xf4 f:/programs/sdk/sdk_win_64/sdk_win_64/winavr/bin/../lib/gcc/avr/4.3.3/avr5\libgcc.a(_clz.o)

.debug_loc      0x00000000      0x96e
 *(.debug_loc)
 .debug_loc     0x00000000       0x34 f:/programs/sdk/sdk_win_64/sdk_win_64/winavr/bin/../lib/gcc/avr/4.3.3/avr5\libgcc.a(_fixunssfsi.o)
 .debug_loc     0x00000034      0x32a f:/programs/sdk/sdk_win_64/sdk_win_64/winavr/bin/../lib/gcc/avr/4.3.3/avr5\libgcc.a(_addsub_sf.o)
 .debug_loc     0x0000035e      0x104 f:/programs/sdk/sdk_win_64/sdk_win_64/winavr/bin/../lib/gcc/avr/4.3.3/avr5\libgcc.a(_mul_sf.o)
 .debug_loc     0x00000462       0xc0 f:/programs/sdk/sdk_win_64/sdk_win_64/winavr/bin/../lib/gcc/avr/4.3.3/avr5\libgcc.a(_div_sf.o)
 .debug_loc     0x00000522       0x3c f:/programs/sdk/sdk_win_64/sdk_win_64/winavr/bin/../lib/gcc/avr/4.3.3/avr5\libgcc.a(_gt_sf.o)
 .debug_loc     0x0000055e       0x3c f:/programs/sdk/sdk_win_64/sdk_win_64/winavr/bin/../lib/gcc/avr/4.3.3/avr5\libgcc.a(_ge_sf.o)
 .debug_loc     0x0000059a       0x3c f:/programs/sdk/sdk_win_64/sdk_win_64/winavr/bin/../lib/gcc/avr/4.3.3/avr5\libgcc.a(_lt_sf.o)
 .debug_loc     0x000005d6       0x7e f:/programs/sdk/sdk_win_64/sdk_win_64/winavr/bin/../lib/gcc/avr/4.3.3/avr5\libgcc.a(_sf_to_si.o)
 .debug_loc     0x00000654       0x4c f:/programs/sdk/sdk_win_64/sdk_win_64/winavr/bin/../lib/gcc/avr/4.3.3/avr5\libgcc.a(_usi_to_sf.o)
 .debug_loc     0x000006a0       0x94 f:/programs/sdk/sdk_win_64/sdk_win_64/winavr/bin/../lib/gcc/avr/4.3.3/avr5\libgcc.a(_clzsi2.o)
 .debug_loc     0x00000734      0x13e f:/programs/sdk/sdk_win_64/sdk_win_64/winavr/bin/../lib/gcc/avr/4.3.3/avr5\libgcc.a(_pack_sf.o)
 .debug_loc     0x00000872       0xac f:/programs/sdk/sdk_win_64/sdk_win_64/winavr/bin/../lib/gcc/avr/4.3.3/avr5\libgcc.a(_unpack_sf.o)
 .debug_loc     0x0000091e       0x50 f:/programs/sdk/sdk_win_64/sdk_win_64/winavr/bin/../lib/gcc/avr/4.3.3/avr5\libgcc.a(_fpcmp_parts_sf.o)

.debug_macinfo
 *(.debug_macinfo)
OUTPUT(TMU_PROJECT.elf elf32-avr)
LOAD linker stubs

.debug_ranges   0x00000000       0x50
 .debug_ranges  0x00000000       0x50 f:/programs/sdk/sdk_win_64/sdk_win_64/winavr/bin/../lib/gcc/avr/4.3.3/avr5\libgcc.a(_mul_sf.o)
